 THIS SOFTWARE AND ANY ACCOMPANYING DOCUMENTATION
 IS RELEASED "AS IS".  THE U.S. GOVERNMENT MAKES NO
 WARRANTY OF ANY KIND, EXPRESS OR IMPLIED, CONCERNING
 THIS SOFTWARE AND ANY ACCOMPANYING DOCUMENTATION,
 INCLUDING, WITHOUT LIMITATION, ANY WARRANTIES OF
 MERCHANTABILITY OR FITNESS FOR A PARTICULAR PURPOSE.
 IN NO EVENT WILL THE U.S. GOVERNMENT BE LIABLE FOR ANY
 DAMAGES, INCLUDING LOST PROFITS, LOST SAVINGS OR OTHER
 INCIDENTAL OR CONSEQUENTIAL DAMAGES ARISING OUT OF THE 
 USE, OR INABILITY TO USE, THIS SOFTWARE OR ANY
 ACCOMPANYING DOCUMENTATION, EVEN IF INFORMED IN ADVANCE
 OF THE POSSIBILITY OF SUCH DAMAGES.
  ****************************************************
  *    USAF STABILITY AND CONTROL  DIGITAL DATCOM    *
  *    PROGRAM REV. JAN 96   DIRECT INQUIRIES TO:    *
  *    WRIGHT LABORATORY  (WL/FIGC)  ATTN: W. BLAKE  *
  *      WRIGHT PATTERSON AFB, OHIO  45433           *
  *    PHONE (513) 255-6764,   FAX (513) 258-4054    *
  ****************************************************
 Preparing to start the big loop
 At 1000
1                         CONERR - INPUT ERROR CHECKING
0 ERROR CODES - N* DENOTES THE NUMBER OF OCCURENCES OF EACH ERROR
0 A - UNKNOWN VARIABLE NAME
0 B - MISSING EQUAL SIGN FOLLOWING VARIABLE NAME
0 C - NON-ARRAY VARIABLE HAS AN ARRAY ELEMENT DESIGNATION - (N)
0 D - NON-ARRAY VARIABLE HAS MULTIPLE VALUES ASSIGNED
0 E - ASSIGNED VALUES EXCEED ARRAY DIMENSION
0 F - SYNTAX ERROR

0******************************  INPUT DATA CARDS  ******************************

 DIM M                                                                           
  $FLTCON NMACH=1.0, MACH(1)=0.111223, NALPHA=11.0,                              
     ALSCHD(1)=-4.0,-2.0,0.0,2.0,4.0,6.0,8.0,10.0,12.0,14.0,16.0,                
     RNNUB(1)=2.591E6$                                                           
  $OPTINS SREF=8.2000, CBARR=0.9449, BLREF=9.0000$                               
  $SYNTHS XCG=2.8971, ZCG=0.0, XW=2.6000, ZW=-0.3500, ALIW=2.0,                  
     XH=4.9656, ZH=0.1500, ALIH=0.0, XV=4.9500, VERTUP=.TRUE.$                   
  $BODY NX=12.0,                                                                 
     X(1)=0.0,0.35,0.80,1.40,2.00,2.60,3.30,4.20,4.9656,5.50,6.00,6.40,          
     R(1)=0.0,0.25,0.45,0.58,0.63,0.63,0.60,0.48,0.30,0.24,0.12,0.0$             
 NACA-W-4-2412                                                                   
  $WGPLNF CHRDTP=0.6074, SSPNE=3.8700, SSPN=4.5000, CHRDR=1.2148,                
     SAVSI=3.0, CHSTAT=0.0, SWAFP=0.0, TWISTA=-2.0, SSPNDD=0.0,                  
     DHDADI=5.0, DHDADO=5.0, TYPE=1.0$                                           
 NACA-V-4-0012                                                                   
  $VTPLNF CHRDTP=0.5374, SSPNE=1.1510, SSPN=1.4510, CHRDR=1.0748,                
     SAVSI=25.0, CHSTAT=0.0, SWAFP=0.0, TWISTA=0.0, TYPE=1.0$                    
 NACA-H-4-0012                                                                   
  $HTPLNF CHRDTP=0.4886, SSPNE=1.1659, SSPN=1.4659, CHRDR=0.9772,                
     SAVSI=5.0, CHSTAT=0.0, SWAFP=0.0, TWISTA=0.0, SSPNDD=0.0,                   
     DHDADI=0.0, DHDADO=0.0, TYPE=1.0$                                           
 CASEID KZ-01 TAKEOFF STATIC AERODYNAMICS                                        
 NEXT CASE                                                                       
1          THE FOLLOWING IS A LIST OF ALL INPUT CARDS FOR THIS CASE.
0
 DIM M                                                                           
  $FLTCON NMACH=1.0, MACH(1)=0.111223, NALPHA=11.0,                              
     ALSCHD(1)=-4.0,-2.0,0.0,2.0,4.0,6.0,8.0,10.0,12.0,14.0,16.0,                
     RNNUB(1)=2.591E6$                                                           
  $OPTINS SREF=8.2000, CBARR=0.9449, BLREF=9.0000$                               
  $SYNTHS XCG=2.8971, ZCG=0.0, XW=2.6000, ZW=-0.3500, ALIW=2.0,                  
     XH=4.9656, ZH=0.1500, ALIH=0.0, XV=4.9500, VERTUP=.TRUE.$                   
  $BODY NX=12.0,                                                                 
     X(1)=0.0,0.35,0.80,1.40,2.00,2.60,3.30,4.20,4.9656,5.50,6.00,6.40,          
     R(1)=0.0,0.25,0.45,0.58,0.63,0.63,0.60,0.48,0.30,0.24,0.12,0.0$             
 NACA-W-4-2412                                                                   
  $WGPLNF CHRDTP=0.6074, SSPNE=3.8700, SSPN=4.5000, CHRDR=1.2148,                
     SAVSI=3.0, CHSTAT=0.0, SWAFP=0.0, TWISTA=-2.0, SSPNDD=0.0,                  
     DHDADI=5.0, DHDADO=5.0, TYPE=1.0$                                           
 NACA-V-4-0012                                                                   
  $VTPLNF CHRDTP=0.5374, SSPNE=1.1510, SSPN=1.4510, CHRDR=1.0748,                
     SAVSI=25.0, CHSTAT=0.0, SWAFP=0.0, TWISTA=0.0, TYPE=1.0$                    
 NACA-H-4-0012                                                                   
  $HTPLNF CHRDTP=0.4886, SSPNE=1.1659, SSPN=1.4659, CHRDR=0.9772,                
     SAVSI=5.0, CHSTAT=0.0, SWAFP=0.0, TWISTA=0.0, SSPNDD=0.0,                   
     DHDADI=0.0, DHDADO=0.0, TYPE=1.0$                                           
 CASEID KZ-01 TAKEOFF STATIC AERODYNAMICS                                        
 NEXT CASE                                                                       
0 INPUT DIMENSIONS ARE IN M , SCALE FACTOR IS 1.0000

 Return to main program from M01O01
1                             AUTOMATED STABILITY AND CONTROL METHODS PER APRIL 1976 VERSION OF DATCOM   
                                                        WING SECTION DEFINITION
0                                 IDEAL ANGLE OF ATTACK =   0.25757 DEG.

                              ZERO LIFT ANGLE OF ATTACK =  -1.87967 DEG.

                                 IDEAL LIFT COEFFICIENT =   0.25602

                  ZERO LIFT PITCHING MOMENT COEFFICIENT =  -0.05087

                             MACH ZERO LIFT-CURVE-SLOPE =   0.09617 /DEG.

                                    LEADING EDGE RADIUS =   0.01587 FRACTION CHORD

                              MAXIMUM AIRFOIL THICKNESS =   0.12000 FRACTION CHORD

                                                DELTA-Y =   3.16898 PERCENT CHORD


0                         MACH= 0.1112 LIFT-CURVE-SLOPE =   0.10239 /DEG.      XAC =   0.25766
1                             AUTOMATED STABILITY AND CONTROL METHODS PER APRIL 1976 VERSION OF DATCOM   
                                                   HORIZONTAL TAIL SECTION DEFINITION
0                                 IDEAL ANGLE OF ATTACK =   0.00000 DEG.

                              ZERO LIFT ANGLE OF ATTACK =   0.00000 DEG.

                                 IDEAL LIFT COEFFICIENT =   0.00000

                  ZERO LIFT PITCHING MOMENT COEFFICIENT =   0.00000

                             MACH ZERO LIFT-CURVE-SLOPE =   0.09596 /DEG.

                                    LEADING EDGE RADIUS =   0.01587 FRACTION CHORD

                              MAXIMUM AIRFOIL THICKNESS =   0.12000 FRACTION CHORD

                                                DELTA-Y =   3.16898 PERCENT CHORD


0                         MACH= 0.1112 LIFT-CURVE-SLOPE =   0.10082 /DEG.      XAC =   0.25816
1                             AUTOMATED STABILITY AND CONTROL METHODS PER APRIL 1976 VERSION OF DATCOM   
                                                    VERTICAL TAIL SECTION DEFINITION
0                                 IDEAL ANGLE OF ATTACK =   0.00000 DEG.

                              ZERO LIFT ANGLE OF ATTACK =   0.00000 DEG.

                                 IDEAL LIFT COEFFICIENT =   0.00000

                  ZERO LIFT PITCHING MOMENT COEFFICIENT =   0.00000

                             MACH ZERO LIFT-CURVE-SLOPE =   0.09596 /DEG.

                                    LEADING EDGE RADIUS =   0.01587 FRACTION CHORD

                              MAXIMUM AIRFOIL THICKNESS =   0.12000 FRACTION CHORD

                                                DELTA-Y =   3.16898 PERCENT CHORD


0                         MACH= 0.1112 LIFT-CURVE-SLOPE =   0.10137 /DEG.      XAC =   0.25812
 Return to main program from M50O62
 Return to main program from M02O02
 Return to main program from M51O63
1                               AUTOMATED STABILITY AND CONTROL METHODS PER APRIL 1976 VERSION OF DATCOM
                                         CHARACTERISTICS AT ANGLE OF ATTACK AND IN SIDESLIP
                                        WING-BODY-VERTICAL TAIL-HORIZONTAL TAIL CONFIGURATION
                                                 KZ-01 TAKEOFF STATIC AERODYNAMICS
 
 -----------------------  FLIGHT CONDITIONS  ------------------------           --------------  REFERENCE DIMENSIONS  ------------
  MACH    ALTITUDE   VELOCITY    PRESSURE    TEMPERATURE     REYNOLDS             REF.      REFERENCE LENGTH   MOMENT REF. CENTER
 NUMBER                                                       NUMBER              AREA       LONG.     LAT.     HORIZ      VERT
              M        M/SEC      N/ M**2       DEG K         1/ M                M**2         M         M         M         M
0 0.111                                                    2.5910E+06             8.200      0.945     9.000     2.897     0.000
0                                                               -------------------DERIVATIVE (PER DEGREE)-------------------
0 ALPHA     CD       CL       CM       CN       CA       XCP        CLA          CMA          CYB          CNB          CLB
0
   -4.0    0.026   -0.183    0.0840  -0.185    0.013   -0.454    1.005E-01   -2.310E-02   -9.726E-03    4.980E-04   -1.340E-03
   -2.0    0.024    0.020    0.0477   0.019    0.025    2.548    1.025E-01   -1.676E-02                             -1.302E-03
    0.0    0.026    0.227    0.0169   0.227    0.026    0.075    1.049E-01   -1.408E-02                             -1.263E-03
    2.0    0.031    0.439   -0.0086   0.440    0.016   -0.020    1.075E-01   -1.201E-02                             -1.224E-03
    4.0    0.040    0.656   -0.0311   0.658   -0.006   -0.047    1.097E-01   -1.109E-02                             -1.186E-03
    6.0    0.052    0.878   -0.0530   0.879   -0.040   -0.060    1.115E-01   -1.090E-02                             -1.148E-03
    8.0    0.068    1.102   -0.0747   1.101   -0.086   -0.068    1.043E-01   -1.143E-02                             -1.111E-03
   10.0    0.084    1.295   -0.0987   1.290   -0.142   -0.076    8.909E-02   -1.329E-02                             -1.069E-03
   12.0    0.101    1.459   -0.1279   1.448   -0.204   -0.088    7.365E-02   -1.590E-02                             -1.024E-03
   14.0    0.117    1.590   -0.1623   1.571   -0.271   -0.103    4.677E-02   -1.851E-02                             -9.742E-04
   16.0    0.126    1.646     NA      1.617   -0.333    NA       9.277E-03      NA                                  -9.118E-04
0                                    ALPHA     Q/QINF    EPSLON  D(EPSLON)/D(ALPHA)
0
                                     -4.0      1.000     -0.462        0.492
                                     -2.0      1.000      0.522        0.499
                                      0.0      1.000      1.535        0.515
                                      2.0      1.000      2.582        0.529
                                      4.0      1.000      3.651        0.526
                                      6.0      1.000      4.687        0.512
                                      8.0      1.000      5.697        0.485
                                     10.0      1.000      6.625        0.430
                                     12.0      1.000      7.418        0.367
                                     14.0      1.000      8.094        0.299
                                     16.0      1.000      8.613        0.259
0*** NA PRINTED WHEN METHOD NOT APPLICABLE
 Return to main program from M57O71
1          THE FOLLOWING IS A LIST OF ALL INPUT CARDS FOR THIS CASE.
0
1 END OF JOB.
